error[E0425]: cannot find value `Missing0` in this scope
  --> $DIR/08-ident-span.rs:34:17
   |
34 |         let _ = Missing#N;
   |                 ^^^^^^^ not found in this scope
